2026-08-07 09:02:47 | analytics            | INFO     | Pitcher slump penalty applied (L3 ERA: 5.25)
2026-08-07 09:02:47 | analytics            | INFO     | Pitcher slump penalty applied (L3 ERA: 6.19)
2026-08-07 09:02:47 | analytics            | INFO     | Pitcher slump penalty applied (L3 ERA: 11.57)
2026-08-07 09:02:47 | analytics            | INFO     | Pitcher slump penalty applied (L3 ERA: 6.75)
2026-08-07 09:02:47 | analytics            | INFO     | Pitcher slump penalty applied (L3 ERA: 5.00)
2026-08-07 09:02:47 | analytics            | INFO     | Pitcher slump penalty applied (L3 ERA: 11.47)
2026-08-07 09:02:47 | analytics            | INFO     | Pitcher slump penalty applied (L3 ERA: 6.19)
2026-08-07 09:02:47 | analytics            | INFO     | Pitcher slump penalty applied (L3 ERA: 7.36)
2026-08-07 09:10:39 | analytics            | INFO     | Pitcher slump penalty applied (L3 ERA: 5.25)
2026-08-07 09:10:39 | analytics            | INFO     | Pitcher slump penalty applied (L3 ERA: 6.19)
2026-08-07 09:10:39 | analytics            | INFO     | Pitcher slump penalty applied (L3 ERA: 11.57)
2026-08-07 09:10:39 | analytics            | INFO     | Pitcher slump penalty applied (L3 ERA: 6.75)
2026-08-07 09:10:39 | analytics            | INFO     | Pitcher slump penalty applied (L3 ERA: 5.00)
2026-08-07 09:10:39 | analytics            | INFO     | Pitcher slump penalty applied (L3 ERA: 11.47)
2026-08-07 09:10:39 | analytics            | INFO     | Pitcher slump penalty applied (L3 ERA: 6.19)
2026-08-07 09:10:39 | analytics            | INFO     | Pitcher slump penalty applied (L3 ERA: 7.36)
2026-08-07 09:16:55 | analytics            | INFO     | Pitcher slump penalty applied (L3 ERA: 5.25)
2026-08-07 09:16:55 | analytics            | INFO     | Pitcher slump penalty applied (L3 ERA: 6.19)
2026-08-07 09:16:55 | analytics            | INFO     | Pitcher slump penalty applied (L3 ERA: 11.57)
2026-08-07 09:16:55 | analytics            | INFO     | Pitcher slump penalty applied (L3 ERA: 6.75)
2026-08-07 09:16:55 | analytics            | INFO     | Pitcher slump penalty applied (L3 ERA: 5.00)
2026-08-07 09:16:55 | analytics            | INFO     | Pitcher slump penalty applied (L3 ERA: 11.47)
2026-08-07 09:16:55 | analytics            | INFO     | Pitcher slump penalty applied (L3 ERA: 6.19)
2026-08-07 09:16:55 | analytics            | INFO     | Pitcher slump penalty applied (L3 ERA: 7.36)
2026-08-07 09:42:57 | analytics            | INFO     | Pitcher slump penalty applied (L3 ERA: 5.25)
2026-08-07 09:42:57 | analytics            | INFO     | Pitcher slump penalty applied (L3 ERA: 6.19)
2026-08-07 09:42:57 | analytics            | INFO     | Pitcher slump penalty applied (L3 ERA: 11.57)
2026-08-07 09:42:57 | analytics            | INFO     | Pitcher slump penalty applied (L3 ERA: 6.75)
2026-08-07 09:42:57 | analytics            | INFO     | Pitcher slump penalty applied (L3 ERA: 5.00)
2026-08-07 09:42:57 | analytics            | INFO     | Pitcher slump penalty applied (L3 ERA: 11.47)
2026-08-07 09:42:57 | analytics            | INFO     | Pitcher slump penalty applied (L3 ERA: 6.19)
2026-08-07 09:42:57 | analytics            | INFO     | Pitcher slump penalty applied (L3 ERA: 7.36)
DEBUG:data_fetcher:The Odds API key unverified — using mock odds with is_live_data=False.
DEBUG:data_fetcher:Silent fallback (Timeout/Connection) for URL: https://api.open-meteo.com/v1/forecast
DEBUG:data_fetcher:Silent fallback (Timeout/Connection) for URL: https://statsapi.mlb.com/api/v1/people/594798/stats
DEBUG:data_fetcher:Silent fallback (Timeout/Connection) for URL: https://statsapi.mlb.com/api/v1/people/680694/stats
DEBUG:data_fetcher:Silent fallback (Timeout/Connection) for URL: https://statsapi.mlb.com/api/v1/people/680694/stats
INFO:analytics:Pitcher slump penalty applied (L3 ERA: 4.58)
INFO:analytics:Pitcher slump penalty applied (L3 ERA: 7.53)
INFO:analytics:Pitcher slump penalty applied (L3 ERA: 4.76)
INFO:analytics:Pitcher slump penalty applied (L3 ERA: 5.25)
INFO:analytics:Pitcher slump penalty applied (L3 ERA: 6.91)
INFO:analytics:Pitcher slump penalty applied (L3 ERA: 4.80)
INFO:analytics:Pitcher slump penalty applied (L3 ERA: 5.80)
INFO:analytics:Pitcher slump penalty applied (L3 ERA: 5.10)
INFO:analytics:Pitcher slump penalty applied (L3 ERA: 4.95)
INFO:analytics:Pitcher slump penalty applied (L3 ERA: 4.65)
INFO:analytics:Pitcher slump penalty applied (L3 ERA: 4.60)
INFO:analytics:Pitcher slump penalty applied (L3 ERA: 5.80)
INFO:analytics:Pitcher slump penalty applied (L3 ERA: 5.10)
INFO:analytics:Pitcher slump penalty applied (L3 ERA: 4.95)
INFO:analytics:Pitcher slump penalty applied (L3 ERA: 4.65)
INFO:analytics:Pitcher slump penalty applied (L3 ERA: 4.60)
INFO:analytics:Pitcher slump penalty applied (L3 ERA: 5.80)
INFO:analytics:Pitcher slump penalty applied (L3 ERA: 5.10)
INFO:analytics:Pitcher slump penalty applied (L3 ERA: 4.95)
INFO:analytics:Pitcher slump penalty applied (L3 ERA: 4.65)
INFO:analytics:Pitcher slump penalty applied (L3 ERA: 4.60)
2026-08-08 02:59:59 | data_fetcher         | DEBUG    | The Odds API key unverified — using mock odds with is_live_data=False.
2026-08-08 03:00:23 | data_fetcher         | DEBUG    | Silent fallback (Timeout/Connection) for URL: https://api.open-meteo.com/v1/forecast
2026-08-08 03:00:49 | data_fetcher         | DEBUG    | Silent fallback (Timeout/Connection) for URL: https://api.open-meteo.com/v1/forecast
2026-08-08 03:01:15 | data_fetcher         | DEBUG    | The Odds API key unverified — using mock odds with is_live_data=False.
2026-08-08 03:04:16 | data_fetcher         | DEBUG    | Silent fallback (Timeout/Connection) for URL: https://api.open-meteo.com/v1/forecast
2026-08-08 03:04:16 | analytics            | INFO     | Pitcher slump penalty applied (L3 ERA: 4.58)
2026-08-08 03:04:16 | analytics            | INFO     | Pitcher slump penalty applied (L3 ERA: 7.53)
2026-08-08 03:04:16 | analytics            | INFO     | Pitcher slump penalty applied (L3 ERA: 4.76)
2026-08-08 03:04:16 | analytics            | INFO     | Pitcher slump penalty applied (L3 ERA: 5.25)
2026-08-08 03:04:16 | analytics            | INFO     | Pitcher slump penalty applied (L3 ERA: 6.91)
2026-08-08 03:04:16 | analytics            | INFO     | Pitcher slump penalty applied (L3 ERA: 4.80)
2026-08-08 03:04:16 | analytics            | INFO     | Pitcher slump penalty applied (L3 ERA: 7.62)
2026-08-08 03:04:16 | analytics            | INFO     | Pitcher slump penalty applied (L3 ERA: 5.27)
2026-08-08 03:11:48 | data_fetcher         | DEBUG    | The Odds API key unverified — using mock odds with is_live_data=False.
2026-08-08 03:12:34 | data_fetcher         | DEBUG    | Silent fallback (Timeout/Connection) for URL: https://api.open-meteo.com/v1/forecast
2026-08-08 03:13:38 | data_fetcher         | DEBUG    | Silent fallback (Timeout/Connection) for URL: https://api.open-meteo.com/v1/forecast
2026-08-08 03:14:32 | analytics            | INFO     | Pitcher slump penalty applied (L3 ERA: 4.58)
2026-08-08 03:14:32 | analytics            | INFO     | Pitcher slump penalty applied (L3 ERA: 7.53)
2026-08-08 03:14:32 | analytics            | INFO     | Pitcher slump penalty applied (L3 ERA: 4.76)
2026-08-08 03:14:32 | analytics            | INFO     | Pitcher slump penalty applied (L3 ERA: 5.25)
2026-08-08 03:14:32 | analytics            | INFO     | Pitcher slump penalty applied (L3 ERA: 6.91)
2026-08-08 03:14:32 | analytics            | INFO     | Pitcher slump penalty applied (L3 ERA: 4.80)
2026-08-08 03:14:32 | analytics            | INFO     | Pitcher slump penalty applied (L3 ERA: 7.62)
2026-08-08 03:14:32 | analytics            | INFO     | Pitcher slump penalty applied (L3 ERA: 5.27)
2026-08-08 21:02:38 | data_fetcher         | DEBUG    | The Odds API key unverified — using mock odds with is_live_data=False.
2026-08-08 21:05:26 | data_fetcher         | DEBUG    | Silent fallback (Timeout/Connection) for URL: https://api.open-meteo.com/v1/forecast
2026-08-08 21:05:53 | analytics            | INFO     | Pitcher slump penalty applied (L3 ERA: 4.58)
2026-08-08 21:05:53 | analytics            | INFO     | Pitcher slump penalty applied (L3 ERA: 7.53)
2026-08-08 21:05:53 | analytics            | INFO     | Pitcher slump penalty applied (L3 ERA: 4.76)
2026-08-08 21:05:53 | analytics            | INFO     | Pitcher slump penalty applied (L3 ERA: 5.25)
2026-08-08 21:05:53 | analytics            | INFO     | Pitcher slump penalty applied (L3 ERA: 6.91)
2026-08-08 21:05:53 | analytics            | INFO     | Pitcher slump penalty applied (L3 ERA: 4.80)
2026-08-08 21:05:53 | analytics            | INFO     | Pitcher slump penalty applied (L3 ERA: 7.62)
2026-08-08 21:05:53 | analytics            | INFO     | Pitcher slump penalty applied (L3 ERA: 5.27)
2026-08-08 21:18:23 | data_fetcher         | DEBUG    | The Odds API key unverified — using mock odds with is_live_data=False.
2026-08-08 21:21:09 | data_fetcher         | DEBUG    | Silent fallback (Timeout/Connection) for URL: https://statsapi.mlb.com/api/v1/people/680694/stats
2026-08-08 21:21:53 | analytics            | INFO     | Pitcher slump penalty applied (L3 ERA: 4.58)
2026-08-08 21:21:53 | analytics            | INFO     | Pitcher slump penalty applied (L3 ERA: 7.53)
2026-08-08 21:21:53 | analytics            | INFO     | Pitcher slump penalty applied (L3 ERA: 4.76)
2026-08-08 21:21:53 | analytics            | INFO     | Pitcher slump penalty applied (L3 ERA: 5.25)
2026-08-08 21:21:53 | analytics            | INFO     | Pitcher slump penalty applied (L3 ERA: 6.91)
2026-08-08 21:21:53 | analytics            | INFO     | Pitcher slump penalty applied (L3 ERA: 4.80)
2026-08-08 21:21:53 | analytics            | INFO     | Pitcher slump penalty applied (L3 ERA: 7.62)
2026-08-11 19:22:43 | data_fetcher         | DEBUG    | The Odds API key unverified — using mock odds with is_live_data=False.
2026-08-11 19:25:08 | data_fetcher         | DEBUG    | Silent fallback (Timeout/Connection) for URL: https://api.open-meteo.com/v1/forecast
2026-08-11 19:25:41 | analytics            | INFO     | Pitcher slump penalty applied (L3 ERA: 8.16)
2026-08-11 19:25:41 | analytics            | INFO     | Pitcher slump penalty applied (L3 ERA: 5.29)
2026-08-11 19:25:41 | analytics            | INFO     | Pitcher slump penalty applied (L3 ERA: 4.67)
2026-08-11 19:25:41 | analytics            | INFO     | Pitcher slump penalty applied (L3 ERA: 5.06)
2026-08-11 19:25:41 | analytics            | INFO     | Pitcher slump penalty applied (L3 ERA: 10.22)
2026-08-11 19:25:41 | analytics            | INFO     | Pitcher slump penalty applied (L3 ERA: 7.11)
2026-08-11 19:25:41 | analytics            | INFO     | Pitcher slump penalty applied (L3 ERA: 4.63)
2026-08-11 19:25:41 | analytics            | INFO     | Pitcher slump penalty applied (L3 ERA: 12.00)
2026-08-11 19:53:26 | data_fetcher         | DEBUG    | The Odds API key unverified — using mock odds with is_live_data=False.
2026-08-11 19:56:14 | analytics            | INFO     | Pitcher slump penalty applied (L3 ERA: 8.16)
2026-08-11 19:56:14 | analytics            | INFO     | Pitcher slump penalty applied (L3 ERA: 5.29)
2026-08-11 19:56:14 | analytics            | INFO     | Pitcher slump penalty applied (L3 ERA: 4.67)
2026-08-11 19:56:14 | analytics            | INFO     | Pitcher slump penalty applied (L3 ERA: 5.06)
2026-08-11 19:56:14 | analytics            | INFO     | Pitcher slump penalty applied (L3 ERA: 10.22)
2026-08-11 19:56:14 | analytics            | INFO     | Pitcher slump penalty applied (L3 ERA: 7.11)
2026-08-11 19:56:14 | analytics            | INFO     | Pitcher slump penalty applied (L3 ERA: 4.63)
2026-08-11 19:56:14 | analytics            | INFO     | Pitcher slump penalty applied (L3 ERA: 12.00)
2026-08-12 00:10:05 | data_fetcher         | DEBUG    | Silent fallback (Timeout/Connection) for URL: https://statsapi.mlb.com/api/v1/schedule
2026-08-12 00:10:08 | data_fetcher         | DEBUG    | Silent fallback (Timeout/Connection) for URL: https://statsapi.mlb.com/api/v1/schedule
2026-08-12 00:11:01 | data_fetcher         | DEBUG    | Silent fallback (Timeout/Connection) for URL: https://statsapi.mlb.com/api/v1/schedule
2026-08-12 00:11:01 | data_fetcher         | DEBUG    | Using mock game data (API unavailable) for date 2026-08-12.
2026-08-12 00:11:01 | data_fetcher         | DEBUG    | The Odds API key unverified — using mock odds with is_live_data=False.
2026-08-12 00:11:03 | data_fetcher         | DEBUG    | HTTP error 0 for URL: https://statsapi.mlb.com/api/v1/people/1001
2026-08-12 00:11:05 | data_fetcher         | DEBUG    | Silent fallback (Timeout/Connection) for URL: https://statsapi.mlb.com/api/v1/people/1002
2026-08-12 00:11:14 | data_fetcher         | DEBUG    | Silent fallback (Timeout/Connection) for URL: https://statsapi.mlb.com/api/v1/teams/111/stats
2026-08-12 00:11:16 | data_fetcher         | DEBUG    | HTTP error 0 for URL: https://statsapi.mlb.com/api/v1/people/1015
2026-08-12 00:11:17 | data_fetcher         | DEBUG    | HTTP error 0 for URL: https://statsapi.mlb.com/api/v1/people/1026
2026-08-12 00:11:23 | data_fetcher         | DEBUG    | Silent fallback (Timeout/Connection) for URL: https://statsapi.mlb.com/api/v1/teams/146/stats
2026-08-12 00:11:32 | data_fetcher         | DEBUG    | Silent fallback (Timeout/Connection) for URL: https://statsapi.mlb.com/api/v1/people/1017
2026-08-12 00:11:33 | data_fetcher         | DEBUG    | HTTP error 0 for URL: https://statsapi.mlb.com/api/v1/people/1018
2026-08-12 00:11:42 | data_fetcher         | DEBUG    | HTTP error 0 for URL: https://statsapi.mlb.com/api/v1/people/1005
2026-08-12 00:11:46 | data_fetcher         | DEBUG    | Silent fallback (Timeout/Connection) for URL: https://statsapi.mlb.com/api/v1/people/1006
2026-08-12 00:11:48 | data_fetcher         | DEBUG    | Silent fallback (Timeout/Connection) for URL: https://statsapi.mlb.com/api/v1/teams/117/stats
2026-08-12 00:11:55 | data_fetcher         | DEBUG    | Silent fallback (Timeout/Connection) for URL: https://statsapi.mlb.com/api/v1/teams/140/stats
2026-08-12 00:11:56 | data_fetcher         | DEBUG    | HTTP error 0 for URL: https://statsapi.mlb.com/api/v1/people/1011
2026-08-12 00:11:57 | data_fetcher         | DEBUG    | HTTP error 0 for URL: https://statsapi.mlb.com/api/v1/people/1012
2026-08-12 00:12:05 | data_fetcher         | DEBUG    | HTTP error 0 for URL: https://statsapi.mlb.com/api/v1/people/1010
2026-08-12 00:12:08 | data_fetcher         | DEBUG    | Silent fallback (Timeout/Connection) for URL: https://statsapi.mlb.com/api/v1/people/1028
2026-08-12 00:12:18 | data_fetcher         | DEBUG    | HTTP error 0 for URL: https://statsapi.mlb.com/api/v1/people/1003
2026-08-12 00:12:19 | data_fetcher         | DEBUG    | HTTP error 0 for URL: https://statsapi.mlb.com/api/v1/people/1021
2026-08-12 00:12:23 | data_fetcher         | DEBUG    | Silent fallback (Timeout/Connection) for URL: https://statsapi.mlb.com/api/v1/teams/135/stats
2026-08-12 00:12:28 | data_fetcher         | DEBUG    | HTTP error 0 for URL: https://statsapi.mlb.com/api/v1/people/1024
2026-08-12 00:12:32 | data_fetcher         | DEBUG    | Silent fallback (Timeout/Connection) for URL: https://statsapi.mlb.com/api/v1/people/1013
2026-08-12 00:12:39 | data_fetcher         | DEBUG    | Silent fallback (Timeout/Connection) for URL: https://statsapi.mlb.com/api/v1/teams/110/stats
2026-08-12 00:12:41 | data_fetcher         | DEBUG    | Silent fallback (Timeout/Connection) for URL: https://statsapi.mlb.com/api/v1/teams/141/stats
2026-08-12 00:12:42 | analytics            | INFO     | Pitcher slump penalty applied (L3 ERA: 5.80)
2026-08-12 00:12:42 | analytics            | INFO     | Pitcher slump penalty applied (L3 ERA: 5.10)
2026-08-12 00:12:42 | analytics            | INFO     | Pitcher slump penalty applied (L3 ERA: 4.95)
2026-08-12 00:12:42 | analytics            | INFO     | Pitcher slump penalty applied (L3 ERA: 4.65)
2026-08-12 00:12:42 | analytics            | INFO     | Pitcher slump penalty applied (L3 ERA: 4.60)
2026-08-12 00:14:28 | data_fetcher         | DEBUG    | Silent fallback (Timeout/Connection) for URL: https://statsapi.mlb.com/api/v1/schedule
2026-08-12 00:14:28 | data_fetcher         | DEBUG    | Using mock game data (API unavailable) for date 2026-08-11.
2026-08-12 00:14:28 | data_fetcher         | DEBUG    | The Odds API key unverified — using mock odds with is_live_data=False.
2026-08-12 00:14:29 | data_fetcher         | DEBUG    | HTTP error 0 for URL: https://statsapi.mlb.com/api/v1/people/1001
2026-08-12 00:14:30 | data_fetcher         | DEBUG    | HTTP error 0 for URL: https://statsapi.mlb.com/api/v1/people/1002
2026-08-12 00:14:41 | data_fetcher         | DEBUG    | HTTP error 0 for URL: https://statsapi.mlb.com/api/v1/people/1015
2026-08-12 00:14:42 | data_fetcher         | DEBUG    | HTTP error 0 for URL: https://statsapi.mlb.com/api/v1/people/1026
2026-08-12 00:14:49 | data_fetcher         | DEBUG    | HTTP error 0 for URL: https://statsapi.mlb.com/api/v1/people/1017
2026-08-12 00:14:50 | data_fetcher         | DEBUG    | HTTP error 0 for URL: https://statsapi.mlb.com/api/v1/people/1018
2026-08-12 00:14:56 | data_fetcher         | DEBUG    | HTTP error 0 for URL: https://statsapi.mlb.com/api/v1/people/1005
2026-08-12 00:14:57 | data_fetcher         | DEBUG    | HTTP error 0 for URL: https://statsapi.mlb.com/api/v1/people/1006
2026-08-12 00:15:02 | data_fetcher         | DEBUG    | HTTP error 0 for URL: https://statsapi.mlb.com/api/v1/people/1011
2026-08-12 00:15:03 | data_fetcher         | DEBUG    | HTTP error 0 for URL: https://statsapi.mlb.com/api/v1/people/1012
2026-08-12 00:15:10 | data_fetcher         | DEBUG    | HTTP error 0 for URL: https://statsapi.mlb.com/api/v1/people/1010
2026-08-12 00:15:11 | data_fetcher         | DEBUG    | HTTP error 0 for URL: https://statsapi.mlb.com/api/v1/people/1028
2026-08-12 00:15:17 | data_fetcher         | DEBUG    | HTTP error 0 for URL: https://statsapi.mlb.com/api/v1/people/1003
2026-08-12 00:15:18 | data_fetcher         | DEBUG    | HTTP error 0 for URL: https://statsapi.mlb.com/api/v1/people/1021
2026-08-12 00:15:24 | data_fetcher         | DEBUG    | HTTP error 0 for URL: https://statsapi.mlb.com/api/v1/people/1024
2026-08-12 00:15:25 | data_fetcher         | DEBUG    | HTTP error 0 for URL: https://statsapi.mlb.com/api/v1/people/1013
2026-08-12 00:15:30 | analytics            | INFO     | Pitcher slump penalty applied (L3 ERA: 5.80)
2026-08-12 00:15:30 | analytics            | INFO     | Pitcher slump penalty applied (L3 ERA: 5.10)
2026-08-12 00:15:30 | analytics            | INFO     | Pitcher slump penalty applied (L3 ERA: 4.95)
2026-08-12 00:15:30 | analytics            | INFO     | Pitcher slump penalty applied (L3 ERA: 4.65)
2026-08-12 00:15:30 | analytics            | INFO     | Pitcher slump penalty applied (L3 ERA: 4.60)
2026-08-12 14:34:45 | matplotlib           | DEBUG    | matplotlib data path: C:\Users\ASUS\AppData\Roaming\Python\Python314\site-packages\matplotlib\mpl-data
2026-08-12 14:34:45 | matplotlib           | DEBUG    | CONFIGDIR=C:\Users\ASUS\.matplotlib
2026-08-12 14:34:45 | matplotlib           | DEBUG    | interactive is False
2026-08-12 14:34:45 | matplotlib           | DEBUG    | platform is win32
2026-08-12 14:34:45 | matplotlib           | DEBUG    | CACHEDIR=C:\Users\ASUS\.matplotlib
2026-08-12 14:34:45 | matplotlib.font_manager | DEBUG    | Using fontManager instance from C:\Users\ASUS\.matplotlib\fontlist-v390.json
2026-08-12 14:37:17 | data_fetcher         | DEBUG    | The Odds API key unverified — using mock odds with is_live_data=False.
2026-08-12 14:37:18 | data_fetcher         | DEBUG    | FanGraphs pitching fetch failed (Error accessing 'https://www.fangraphs.com/leaders-legacy.aspx'. Received status code 403) — using mock.
2026-08-12 14:37:18 | data_fetcher         | DEBUG    | FanGraphs team batting 7d fetch failed (Error accessing 'https://www.fangraphs.com/leaders-legacy.aspx'. Received status code 403) — using mock.
2026-08-12 14:39:43 | data_fetcher         | DEBUG    | Silent fallback (Timeout/Connection) for URL: https://api.open-meteo.com/v1/forecast
2026-08-12 14:40:08 | data_fetcher         | DEBUG    | Silent fallback (Timeout/Connection) for URL: https://api.open-meteo.com/v1/forecast
2026-08-12 14:40:08 | analytics            | INFO     | Slump penalty applied for Miami Marlins (wRC+ 7d < 85).
2026-08-12 14:40:08 | analytics            | INFO     | Slump penalty applied for Pittsburgh Pirates (wRC+ 7d < 85).
2026-08-12 19:56:41 | data_fetcher         | DEBUG    | The Odds API key unverified — using mock odds with is_live_data=False.
2026-08-12 19:56:41 | data_fetcher         | DEBUG    | FanGraphs pitching fetch failed (Error accessing 'https://www.fangraphs.com/leaders-legacy.aspx'. Received status code 403) — using mock.
2026-08-12 19:56:42 | data_fetcher         | DEBUG    | FanGraphs team batting 7d fetch failed (Error accessing 'https://www.fangraphs.com/leaders-legacy.aspx'. Received status code 403) — using mock.
2026-08-12 19:58:45 | data_fetcher         | DEBUG    | Silent fallback (Timeout/Connection) for URL: https://statsapi.mlb.com/api/v1/people/667755/stats
2026-08-12 19:58:51 | data_fetcher         | DEBUG    | Silent fallback (Timeout/Connection) for URL: https://statsapi.mlb.com/api/v1/people/624133/stats
2026-08-12 19:59:09 | data_fetcher         | DEBUG    | Silent fallback (Timeout/Connection) for URL: https://api.open-meteo.com/v1/forecast
2026-08-12 19:59:35 | data_fetcher         | DEBUG    | HTTP error 0 for URL: https://api.open-meteo.com/v1/forecast
2026-08-12 19:59:50 | analytics            | INFO     | Slump penalty applied for Miami Marlins (wRC+ 7d < 85).
2026-08-12 19:59:50 | analytics            | INFO     | Slump penalty applied for Pittsburgh Pirates (wRC+ 7d < 85).
2026-08-14 23:52:15 | matplotlib           | DEBUG    | matplotlib data path: C:\Users\ASUS\AppData\Roaming\Python\Python314\site-packages\matplotlib\mpl-data
2026-08-14 23:52:15 | matplotlib           | DEBUG    | CONFIGDIR=C:\Users\ASUS\.matplotlib
2026-08-14 23:52:15 | matplotlib           | DEBUG    | interactive is False
2026-08-14 23:52:15 | matplotlib           | DEBUG    | platform is win32
2026-08-14 23:52:15 | matplotlib           | DEBUG    | CACHEDIR=C:\Users\ASUS\.matplotlib
2026-08-14 23:52:15 | matplotlib.font_manager | DEBUG    | Using fontManager instance from C:\Users\ASUS\.matplotlib\fontlist-v390.json
2026-08-14 23:52:25 | data_fetcher         | DEBUG    | The Odds API key unverified — using mock odds with is_live_data=False.
2026-08-14 23:52:26 | data_fetcher         | DEBUG    | FanGraphs pitching fetch failed (Error accessing 'https://www.fangraphs.com/leaders-legacy.aspx'. Received status code 403) — using mock.
2026-08-14 23:52:26 | data_fetcher         | DEBUG    | FanGraphs team batting 7d fetch failed (Error accessing 'https://www.fangraphs.com/leaders-legacy.aspx'. Received status code 403) — using mock.
2026-08-14 23:52:34 | data_fetcher         | DEBUG    | Silent fallback (Timeout/Connection) for URL: https://statsapi.mlb.com/api/v1/people/669461/stats
2026-08-14 23:52:44 | data_fetcher         | DEBUG    | Silent fallback (Timeout/Connection) for URL: https://statsapi.mlb.com/api/v1/people/695505/stats
2026-08-14 23:53:03 | data_fetcher         | DEBUG    | Silent fallback (Timeout/Connection) for URL: https://statsapi.mlb.com/api/v1/people/696149/stats
2026-08-14 23:53:21 | data_fetcher         | DEBUG    | Silent fallback (Timeout/Connection) for URL: https://statsapi.mlb.com/api/v1/people/695549
2026-08-14 23:53:26 | data_fetcher         | DEBUG    | Silent fallback (Timeout/Connection) for URL: https://statsapi.mlb.com/api/v1/people/656794/stats
2026-08-14 23:53:29 | data_fetcher         | DEBUG    | Silent fallback (Timeout/Connection) for URL: https://statsapi.mlb.com/api/v1/teams/116/stats
2026-08-14 23:53:31 | data_fetcher         | DEBUG    | Silent fallback (Timeout/Connection) for URL: https://statsapi.mlb.com/api/v1/teams/145/stats
2026-08-14 23:53:36 | data_fetcher         | DEBUG    | Silent fallback (Timeout/Connection) for URL: https://api.open-meteo.com/v1/forecast
2026-08-14 23:53:42 | data_fetcher         | DEBUG    | Silent fallback (Timeout/Connection) for URL: https://statsapi.mlb.com/api/v1/people/674841
2026-08-14 23:53:45 | data_fetcher         | DEBUG    | Silent fallback (Timeout/Connection) for URL: https://statsapi.mlb.com/api/v1/teams/121/stats
2026-08-14 23:53:51 | data_fetcher         | DEBUG    | Silent fallback (Timeout/Connection) for URL: https://api.open-meteo.com/v1/forecast
2026-08-14 23:53:58 | data_fetcher         | DEBUG    | Silent fallback (Timeout/Connection) for URL: https://statsapi.mlb.com/api/v1/people/668909/stats
2026-08-14 23:55:44 | analytics            | INFO     | Slump penalty applied for Miami Marlins (wRC+ 7d < 85).
2026-08-14 23:55:44 | analytics            | INFO     | Slump penalty applied for Pittsburgh Pirates (wRC+ 7d < 85).
2026-08-15 10:54:35 | matplotlib           | DEBUG    | matplotlib data path: C:\Users\ASUS\AppData\Roaming\Python\Python314\site-packages\matplotlib\mpl-data
2026-08-15 10:54:35 | matplotlib           | DEBUG    | CONFIGDIR=C:\Users\ASUS\.matplotlib
2026-08-15 10:54:35 | matplotlib           | DEBUG    | interactive is False
2026-08-15 10:54:35 | matplotlib           | DEBUG    | platform is win32
2026-08-15 10:54:35 | matplotlib           | DEBUG    | CACHEDIR=C:\Users\ASUS\.matplotlib
2026-08-15 10:54:35 | matplotlib.font_manager | DEBUG    | Using fontManager instance from C:\Users\ASUS\.matplotlib\fontlist-v390.json
2026-08-15 10:55:18 | data_fetcher         | DEBUG    | The Odds API key unverified — using mock odds with is_live_data=False.
2026-08-15 10:55:19 | data_fetcher         | DEBUG    | FanGraphs pitching fetch failed (Error accessing 'https://www.fangraphs.com/leaders-legacy.aspx'. Received status code 403) — using mock.
2026-08-15 10:55:19 | data_fetcher         | DEBUG    | FanGraphs team batting 7d fetch failed (Error accessing 'https://www.fangraphs.com/leaders-legacy.aspx'. Received status code 403) — using mock.
2026-08-15 10:57:22 | data_fetcher         | DEBUG    | Silent fallback (Timeout/Connection) for URL: https://api.open-meteo.com/v1/forecast
2026-08-15 10:57:36 | data_fetcher         | DEBUG    | Silent fallback (Timeout/Connection) for URL: https://api.open-meteo.com/v1/forecast
2026-08-15 10:58:26 | analytics            | INFO     | Slump penalty applied for Miami Marlins (wRC+ 7d < 85).
2026-08-15 10:58:26 | analytics            | INFO     | Slump penalty applied for Pittsburgh Pirates (wRC+ 7d < 85).
2026-08-17 22:45:16 | matplotlib           | DEBUG    | matplotlib data path: C:\Users\ASUS\AppData\Roaming\Python\Python314\site-packages\matplotlib\mpl-data
2026-08-17 22:45:16 | matplotlib           | DEBUG    | CONFIGDIR=C:\Users\ASUS\.matplotlib
2026-08-17 22:45:16 | matplotlib           | DEBUG    | interactive is False
2026-08-17 22:45:16 | matplotlib           | DEBUG    | platform is win32
2026-08-17 22:45:16 | matplotlib           | DEBUG    | CACHEDIR=C:\Users\ASUS\.matplotlib
2026-08-17 22:45:16 | matplotlib.font_manager | DEBUG    | Using fontManager instance from C:\Users\ASUS\.matplotlib\fontlist-v390.json
2026-08-17 22:45:28 | data_fetcher         | DEBUG    | The Odds API key unverified — using mock odds with is_live_data=False.
2026-08-17 22:45:29 | data_fetcher         | DEBUG    | FanGraphs pitching fetch failed (Error accessing 'https://www.fangraphs.com/leaders-legacy.aspx'. Received status code 403) — using mock.
2026-08-17 22:45:29 | data_fetcher         | DEBUG    | FanGraphs team batting 7d fetch failed (Error accessing 'https://www.fangraphs.com/leaders-legacy.aspx'. Received status code 403) — using mock.
2026-08-17 22:46:28 | data_fetcher         | DEBUG    | Silent fallback (Timeout/Connection) for URL: https://api.open-meteo.com/v1/forecast
2026-08-17 22:47:41 | data_fetcher         | DEBUG    | Silent fallback (Timeout/Connection) for URL: https://api.open-meteo.com/v1/forecast
2026-08-17 22:47:41 | analytics            | INFO     | Slump penalty applied for Miami Marlins (wRC+ 7d < 85).
2026-08-17 22:47:41 | analytics            | INFO     | Slump penalty applied for Pittsburgh Pirates (wRC+ 7d < 85).
2026-08-18 23:08:37 | matplotlib           | DEBUG    | matplotlib data path: C:\Users\ASUS\AppData\Roaming\Python\Python314\site-packages\matplotlib\mpl-data
2026-08-18 23:08:37 | matplotlib           | DEBUG    | CONFIGDIR=C:\Users\ASUS\.matplotlib
2026-08-18 23:08:37 | matplotlib           | DEBUG    | interactive is False
2026-08-18 23:08:37 | matplotlib           | DEBUG    | platform is win32
2026-08-18 23:08:37 | matplotlib           | DEBUG    | CACHEDIR=C:\Users\ASUS\.matplotlib
2026-08-18 23:08:37 | matplotlib.font_manager | DEBUG    | Using fontManager instance from C:\Users\ASUS\.matplotlib\fontlist-v390.json
2026-08-18 23:09:27 | data_fetcher         | DEBUG    | The Odds API key unverified — using mock odds with is_live_data=False.
2026-08-18 23:09:27 | data_fetcher         | DEBUG    | FanGraphs pitching fetch failed (Error accessing 'https://www.fangraphs.com/leaders-legacy.aspx'. Received status code 403) — using mock.
2026-08-18 23:09:28 | data_fetcher         | DEBUG    | FanGraphs team batting 7d fetch failed (Error accessing 'https://www.fangraphs.com/leaders-legacy.aspx'. Received status code 403) — using mock.
2026-08-18 23:12:46 | analytics            | INFO     | Slump penalty applied for Pittsburgh Pirates (wRC+ 7d < 85).
2026-08-18 23:12:46 | analytics            | INFO     | Slump penalty applied for Miami Marlins (wRC+ 7d < 85).
2026-08-19 23:21:50 | matplotlib           | DEBUG    | matplotlib data path: C:\Users\ASUS\AppData\Roaming\Python\Python314\site-packages\matplotlib\mpl-data
2026-08-19 23:21:50 | matplotlib           | DEBUG    | CONFIGDIR=C:\Users\ASUS\.matplotlib
2026-08-19 23:21:50 | matplotlib           | DEBUG    | interactive is False
2026-08-19 23:21:50 | matplotlib           | DEBUG    | platform is win32
2026-08-19 23:21:50 | matplotlib           | DEBUG    | CACHEDIR=C:\Users\ASUS\.matplotlib
2026-08-19 23:21:50 | matplotlib.font_manager | DEBUG    | Using fontManager instance from C:\Users\ASUS\.matplotlib\fontlist-v390.json
2026-08-19 23:22:16 | data_fetcher         | DEBUG    | The Odds API key unverified — using mock odds with is_live_data=False.
2026-08-19 23:22:16 | data_fetcher         | DEBUG    | FanGraphs pitching fetch failed (Error accessing 'https://www.fangraphs.com/leaders-legacy.aspx'. Received status code 403) — using mock.
2026-08-19 23:22:16 | data_fetcher         | DEBUG    | FanGraphs team batting 7d fetch failed (Error accessing 'https://www.fangraphs.com/leaders-legacy.aspx'. Received status code 403) — using mock.
2026-08-19 23:25:11 | analytics            | INFO     | Slump penalty applied for Pittsburgh Pirates (wRC+ 7d < 85).
2026-08-19 23:25:11 | analytics            | INFO     | Slump penalty applied for Miami Marlins (wRC+ 7d < 85).
2026-08-20 23:27:02 | matplotlib           | DEBUG    | matplotlib data path: C:\Users\ASUS\AppData\Roaming\Python\Python314\site-packages\matplotlib\mpl-data
2026-08-20 23:27:02 | matplotlib           | DEBUG    | CONFIGDIR=C:\Users\ASUS\.matplotlib
2026-08-20 23:27:02 | matplotlib           | DEBUG    | interactive is False
2026-08-20 23:27:02 | matplotlib           | DEBUG    | platform is win32
2026-08-20 23:27:02 | matplotlib           | DEBUG    | CACHEDIR=C:\Users\ASUS\.matplotlib
2026-08-20 23:27:02 | matplotlib.font_manager | DEBUG    | Using fontManager instance from C:\Users\ASUS\.matplotlib\fontlist-v390.json
2026-08-20 23:27:53 | data_fetcher         | DEBUG    | The Odds API key unverified — using mock odds with is_live_data=False.
2026-08-20 23:27:53 | data_fetcher         | DEBUG    | FanGraphs pitching fetch failed (Error accessing 'https://www.fangraphs.com/leaders-legacy.aspx'. Received status code 403) — using mock.
2026-08-20 23:27:53 | data_fetcher         | DEBUG    | FanGraphs team batting 7d fetch failed (Error accessing 'https://www.fangraphs.com/leaders-legacy.aspx'. Received status code 403) — using mock.
2026-08-20 23:29:20 | data_fetcher         | DEBUG    | Silent fallback (Timeout/Connection) for URL: https://statsapi.mlb.com/api/v1/people/594798/stats
2026-08-21 10:59:25 | matplotlib           | DEBUG    | matplotlib data path: C:\Users\ASUS\AppData\Roaming\Python\Python314\site-packages\matplotlib\mpl-data
2026-08-21 10:59:25 | matplotlib           | DEBUG    | CONFIGDIR=C:\Users\ASUS\.matplotlib
2026-08-21 10:59:25 | matplotlib           | DEBUG    | interactive is False
2026-08-21 10:59:25 | matplotlib           | DEBUG    | platform is win32
2026-08-21 10:59:25 | matplotlib           | DEBUG    | CACHEDIR=C:\Users\ASUS\.matplotlib
2026-08-21 10:59:25 | matplotlib.font_manager | DEBUG    | Using fontManager instance from C:\Users\ASUS\.matplotlib\fontlist-v390.json
2026-08-21 11:00:29 | data_fetcher         | DEBUG    | The Odds API key unverified — using mock odds with is_live_data=False.
2026-08-21 11:00:29 | data_fetcher         | DEBUG    | FanGraphs pitching fetch failed (Error accessing 'https://www.fangraphs.com/leaders-legacy.aspx'. Received status code 403) — using mock.
2026-08-21 11:00:30 | data_fetcher         | DEBUG    | FanGraphs team batting 7d fetch failed (Error accessing 'https://www.fangraphs.com/leaders-legacy.aspx'. Received status code 403) — using mock.
2026-08-21 11:01:12 | data_fetcher         | DEBUG    | Silent fallback (Timeout/Connection) for URL: https://api.open-meteo.com/v1/forecast
2026-08-21 11:03:23 | analytics            | INFO     | Slump penalty applied for Miami Marlins (wRC+ 7d < 85).
2026-08-21 11:03:23 | analytics            | INFO     | Slump penalty applied for Pittsburgh Pirates (wRC+ 7d < 85).
2026-08-21 13:40:09 | matplotlib           | DEBUG    | matplotlib data path: C:\Users\ASUS\AppData\Roaming\Python\Python314\site-packages\matplotlib\mpl-data
2026-08-21 13:40:09 | matplotlib           | DEBUG    | CONFIGDIR=C:\Users\ASUS\.matplotlib
2026-08-21 13:40:09 | matplotlib           | DEBUG    | interactive is False
2026-08-21 13:40:09 | matplotlib           | DEBUG    | platform is win32
2026-08-21 13:40:09 | matplotlib           | DEBUG    | CACHEDIR=C:\Users\ASUS\.matplotlib
2026-08-21 13:40:09 | matplotlib.font_manager | DEBUG    | Using fontManager instance from C:\Users\ASUS\.matplotlib\fontlist-v390.json
2026-08-21 13:50:12 | matplotlib           | DEBUG    | matplotlib data path: C:\Users\ASUS\AppData\Roaming\Python\Python314\site-packages\matplotlib\mpl-data
2026-08-21 13:50:12 | matplotlib           | DEBUG    | CONFIGDIR=C:\Users\ASUS\.matplotlib
2026-08-21 13:50:12 | matplotlib           | DEBUG    | interactive is False
2026-08-21 13:50:12 | matplotlib           | DEBUG    | platform is win32
2026-08-21 13:50:12 | matplotlib           | DEBUG    | CACHEDIR=C:\Users\ASUS\.matplotlib
2026-08-21 13:50:12 | matplotlib.font_manager | DEBUG    | Using fontManager instance from C:\Users\ASUS\.matplotlib\fontlist-v390.json
2026-08-21 13:50:38 | data_fetcher         | DEBUG    | The Odds API key unverified — using mock odds with is_live_data=False.
2026-08-21 13:50:38 | data_fetcher         | DEBUG    | FanGraphs pitching fetch failed (Error accessing 'https://www.fangraphs.com/leaders-legacy.aspx'. Received status code 403) — using mock.
2026-08-21 13:50:39 | data_fetcher         | DEBUG    | FanGraphs team batting 7d fetch failed (Error accessing 'https://www.fangraphs.com/leaders-legacy.aspx'. Received status code 403) — using mock.
2026-08-21 13:53:28 | data_fetcher         | DEBUG    | Silent fallback (Timeout/Connection) for URL: https://api.open-meteo.com/v1/forecast
2026-08-21 13:53:32 | data_fetcher         | DEBUG    | Silent fallback (Timeout/Connection) for URL: https://statsapi.mlb.com/api/v1/people/676106/stats
2026-08-21 13:53:35 | data_fetcher         | DEBUG    | Silent fallback (Timeout/Connection) for URL: https://statsapi.mlb.com/api/v1/people/676106/stats
2026-08-21 13:53:43 | analytics            | INFO     | Slump penalty applied for Miami Marlins (wRC+ 7d < 85).
2026-08-21 13:53:43 | analytics            | INFO     | Slump penalty applied for Pittsburgh Pirates (wRC+ 7d < 85).
2026-08-21 13:53:43 | data_fetcher         | DEBUG    | SP 1st inn splits: cache hit
2026-08-21 13:53:43 | data_fetcher         | DEBUG    | NRFI trends cache hit
2026-08-21 13:53:43 | data_fetcher         | DEBUG    | Top-3 wRC+ fetch failed: list index out of range
2026-08-21 13:53:43 | __main__             | ERROR    | Hybrid Mega Slip error: 'NoneType' object has no attribute 'get'
Traceback (most recent call last):
  File "D:\[college]\CODE\CODE-Grind\MLB\main.py", line 131, in action_hybrid_mega_slip
    hybrid_slip = analytics.build_hybrid_mega_slip(
        candidates, games, sp_splits, top3_wrc, nrfi_trends,
        is_auto_calibrated=is_calibrated,
    )
  File "D:\[college]\CODE\CODE-Grind\MLB\analytics.py", line 1596, in build_hybrid_mega_slip
    leg = evaluate_first_inning_legs(game, sp_splits_data, top3_wrc_data, nrfi_trends_data)
  File "D:\[college]\CODE\CODE-Grind\MLB\analytics.py", line 1447, in evaluate_first_inning_legs
    base_siera = game.get("away_sp", {}).get("siera", 4.00)
                 ^^^^^^^^^^^^^^^^^^^^^^^^^^^
AttributeError: 'NoneType' object has no attribute 'get'
